// Vitest Snapshot v1, https://vitest.dev/guide/snapshot.html

exports[`<Button /> > renders correctly 1`] = `
{
  "asFragment": [Function],
  "baseElement": <body>
    <div>
      <button
        class="rounded-interactive-elements-default justify-center items-center gap-1 inline-flex text-sm font-medium leading-tight enabled:focus-visible:outline-focus enabled:focus-visible:outline-1 enabled:focus-visible:outline enabled:focus-visible:ring-focus enabled:focus-visible:ring-1 enabled:focus-visible:ring-offset-1 bg-primary text-on-interactive hover:bg-interactive-primary-hovered active:bg-interactive-primary-pressed disabled:text-disabled disabled:bg-interactive-disabled h-9 px-4 py-2"
        data-outline="false"
        data-plain="false"
        data-size="medium"
        data-testid="test-button"
        data-variant="primary"
      >
        Save
      </button>
    </div>
  </body>,
  "container": <div>
    <button
      class="rounded-interactive-elements-default justify-center items-center gap-1 inline-flex text-sm font-medium leading-tight enabled:focus-visible:outline-focus enabled:focus-visible:outline-1 enabled:focus-visible:outline enabled:focus-visible:ring-focus enabled:focus-visible:ring-1 enabled:focus-visible:ring-offset-1 bg-primary text-on-interactive hover:bg-interactive-primary-hovered active:bg-interactive-primary-pressed disabled:text-disabled disabled:bg-interactive-disabled h-9 px-4 py-2"
      data-outline="false"
      data-plain="false"
      data-size="medium"
      data-testid="test-button"
      data-variant="primary"
    >
      Save
    </button>
  </div>,
  "debug": [Function],
  "findAllByAltText": [Function],
  "findAllByDisplayValue": [Function],
  "findAllByLabelText": [Function],
  "findAllByPlaceholderText": [Function],
  "findAllByRole": [Function],
  "findAllByTestId": [Function],
  "findAllByText": [Function],
  "findAllByTitle": [Function],
  "findByAltText": [Function],
  "findByDisplayValue": [Function],
  "findByLabelText": [Function],
  "findByPlaceholderText": [Function],
  "findByRole": [Function],
  "findByTestId": [Function],
  "findByText": [Function],
  "findByTitle": [Function],
  "getAllByAltText": [Function],
  "getAllByDisplayValue": [Function],
  "getAllByLabelText": [Function],
  "getAllByPlaceholderText": [Function],
  "getAllByRole": [Function],
  "getAllByTestId": [Function],
  "getAllByText": [Function],
  "getAllByTitle": [Function],
  "getByAltText": [Function],
  "getByDisplayValue": [Function],
  "getByLabelText": [Function],
  "getByPlaceholderText": [Function],
  "getByRole": [Function],
  "getByTestId": [Function],
  "getByText": [Function],
  "getByTitle": [Function],
  "queryAllByAltText": [Function],
  "queryAllByDisplayValue": [Function],
  "queryAllByLabelText": [Function],
  "queryAllByPlaceholderText": [Function],
  "queryAllByRole": [Function],
  "queryAllByTestId": [Function],
  "queryAllByText": [Function],
  "queryAllByTitle": [Function],
  "queryByAltText": [Function],
  "queryByDisplayValue": [Function],
  "queryByLabelText": [Function],
  "queryByPlaceholderText": [Function],
  "queryByRole": [Function],
  "queryByTestId": [Function],
  "queryByText": [Function],
  "queryByTitle": [Function],
  "rerender": [Function],
  "unmount": [Function],
}
`;

exports[`<Button /> > renders correctly 2`] = `
{
  "asFragment": [Function],
  "baseElement": <body>
    <div>
      <button
        class="rounded-interactive-elements-default justify-center items-center gap-1 inline-flex text-sm font-medium leading-tight enabled:focus-visible:outline-focus enabled:focus-visible:outline-1 enabled:focus-visible:outline enabled:focus-visible:ring-focus enabled:focus-visible:ring-1 enabled:focus-visible:ring-offset-1 bg-primary text-on-interactive hover:bg-interactive-primary-hovered active:bg-interactive-primary-pressed disabled:text-disabled disabled:bg-interactive-disabled h-9 px-4 py-2"
        data-outline="false"
        data-plain="false"
        data-size="medium"
        data-testid="test-button"
        data-variant="primary"
      >
        Save
      </button>
    </div>
    <div>
      <button
        class="rounded-interactive-elements-default justify-center items-center gap-1 inline-flex text-sm font-medium leading-tight enabled:focus-visible:outline-focus enabled:focus-visible:outline-1 enabled:focus-visible:outline enabled:focus-visible:ring-focus enabled:focus-visible:ring-1 enabled:focus-visible:ring-offset-1 bg-primary text-on-interactive hover:bg-interactive-primary-hovered active:bg-interactive-primary-pressed disabled:text-disabled disabled:bg-interactive-disabled h-9 px-4 py-2"
        data-outline="false"
        data-plain="false"
        data-size="medium"
        data-testid="test-button"
        data-variant="primary"
      >
        <span
          class="sr-only"
        >
          Click me
        </span>
      </button>
    </div>
  </body>,
  "container": <div>
    <button
      class="rounded-interactive-elements-default justify-center items-center gap-1 inline-flex text-sm font-medium leading-tight enabled:focus-visible:outline-focus enabled:focus-visible:outline-1 enabled:focus-visible:outline enabled:focus-visible:ring-focus enabled:focus-visible:ring-1 enabled:focus-visible:ring-offset-1 bg-primary text-on-interactive hover:bg-interactive-primary-hovered active:bg-interactive-primary-pressed disabled:text-disabled disabled:bg-interactive-disabled h-9 px-4 py-2"
      data-outline="false"
      data-plain="false"
      data-size="medium"
      data-testid="test-button"
      data-variant="primary"
    >
      <span
        class="sr-only"
      >
        Click me
      </span>
    </button>
  </div>,
  "debug": [Function],
  "findAllByAltText": [Function],
  "findAllByDisplayValue": [Function],
  "findAllByLabelText": [Function],
  "findAllByPlaceholderText": [Function],
  "findAllByRole": [Function],
  "findAllByTestId": [Function],
  "findAllByText": [Function],
  "findAllByTitle": [Function],
  "findByAltText": [Function],
  "findByDisplayValue": [Function],
  "findByLabelText": [Function],
  "findByPlaceholderText": [Function],
  "findByRole": [Function],
  "findByTestId": [Function],
  "findByText": [Function],
  "findByTitle": [Function],
  "getAllByAltText": [Function],
  "getAllByDisplayValue": [Function],
  "getAllByLabelText": [Function],
  "getAllByPlaceholderText": [Function],
  "getAllByRole": [Function],
  "getAllByTestId": [Function],
  "getAllByText": [Function],
  "getAllByTitle": [Function],
  "getByAltText": [Function],
  "getByDisplayValue": [Function],
  "getByLabelText": [Function],
  "getByPlaceholderText": [Function],
  "getByRole": [Function],
  "getByTestId": [Function],
  "getByText": [Function],
  "getByTitle": [Function],
  "queryAllByAltText": [Function],
  "queryAllByDisplayValue": [Function],
  "queryAllByLabelText": [Function],
  "queryAllByPlaceholderText": [Function],
  "queryAllByRole": [Function],
  "queryAllByTestId": [Function],
  "queryAllByText": [Function],
  "queryAllByTitle": [Function],
  "queryByAltText": [Function],
  "queryByDisplayValue": [Function],
  "queryByLabelText": [Function],
  "queryByPlaceholderText": [Function],
  "queryByRole": [Function],
  "queryByTestId": [Function],
  "queryByText": [Function],
  "queryByTitle": [Function],
  "rerender": [Function],
  "unmount": [Function],
}
`;
